// Jest Snapshot v1, https://goo.gl/fbAQLP

exports[`basic should report semicolon errors 1`] = `
Array [
  Array [
    Object {
      "column": 7,
      "endColumn": 10,
      "endLine": 3,
      "filePath": "",
      "line": 3,
      "message": "'bar' is assigned a value but never used.",
      "messageId": "unusedVar",
      "nodeType": "Identifier",
      "ruleId": "no-unused-vars",
      "severity": 2,
    },
  ],
]
`;
